 Electron-electron bremsstrahlung in the lab system for E1 = 300.0 keV

 Maximum photon energy = 221.46 keV

 Photon energy = 100.0 keV, theta0 = 109.6 degrees:

 theta =   0.0: CS = 0.20361E-04 b/(keV*sr), CSC = 0.20248E-04 b/(keV*sr)
 theta =   1.0: CS = 0.20352E-04 b/(keV*sr), CSC = 0.20238E-04 b/(keV*sr)
 theta =   2.0: CS = 0.20324E-04 b/(keV*sr), CSC = 0.20211E-04 b/(keV*sr)
 theta =   3.0: CS = 0.20277E-04 b/(keV*sr), CSC = 0.20164E-04 b/(keV*sr)
 theta =   4.0: CS = 0.20209E-04 b/(keV*sr), CSC = 0.20096E-04 b/(keV*sr)
 theta =   5.0: CS = 0.20119E-04 b/(keV*sr), CSC = 0.20006E-04 b/(keV*sr)
 theta =   6.0: CS = 0.20005E-04 b/(keV*sr), CSC = 0.19893E-04 b/(keV*sr)
 theta =   7.0: CS = 0.19865E-04 b/(keV*sr), CSC = 0.19753E-04 b/(keV*sr)
 theta =   8.0: CS = 0.19697E-04 b/(keV*sr), CSC = 0.19585E-04 b/(keV*sr)
 theta =   9.0: CS = 0.19498E-04 b/(keV*sr), CSC = 0.19388E-04 b/(keV*sr)
 theta =  10.0: CS = 0.19268E-04 b/(keV*sr), CSC = 0.19158E-04 b/(keV*sr)
 theta =  11.0: CS = 0.19005E-04 b/(keV*sr), CSC = 0.18896E-04 b/(keV*sr)
 theta =  12.0: CS = 0.18708E-04 b/(keV*sr), CSC = 0.18600E-04 b/(keV*sr)
 theta =  13.0: CS = 0.18376E-04 b/(keV*sr), CSC = 0.18270E-04 b/(keV*sr)
 theta =  14.0: CS = 0.18011E-04 b/(keV*sr), CSC = 0.17906E-04 b/(keV*sr)
 theta =  15.0: CS = 0.17611E-04 b/(keV*sr), CSC = 0.17508E-04 b/(keV*sr)
 theta =  16.0: CS = 0.17180E-04 b/(keV*sr), CSC = 0.17078E-04 b/(keV*sr)
 theta =  17.0: CS = 0.16718E-04 b/(keV*sr), CSC = 0.16618E-04 b/(keV*sr)
 theta =  18.0: CS = 0.16228E-04 b/(keV*sr), CSC = 0.16130E-04 b/(keV*sr)
 theta =  19.0: CS = 0.15712E-04 b/(keV*sr), CSC = 0.15617E-04 b/(keV*sr)
 theta =  20.0: CS = 0.15174E-04 b/(keV*sr), CSC = 0.15081E-04 b/(keV*sr)
 theta =  21.0: CS = 0.14617E-04 b/(keV*sr), CSC = 0.14527E-04 b/(keV*sr)
 theta =  22.0: CS = 0.14044E-04 b/(keV*sr), CSC = 0.13957E-04 b/(keV*sr)
 theta =  23.0: CS = 0.13459E-04 b/(keV*sr), CSC = 0.13375E-04 b/(keV*sr)
 theta =  24.0: CS = 0.12866E-04 b/(keV*sr), CSC = 0.12784E-04 b/(keV*sr)
 theta =  25.0: CS = 0.12268E-04 b/(keV*sr), CSC = 0.12189E-04 b/(keV*sr)
 theta =  26.0: CS = 0.11669E-04 b/(keV*sr), CSC = 0.11593E-04 b/(keV*sr)
 theta =  27.0: CS = 0.11072E-04 b/(keV*sr), CSC = 0.10999E-04 b/(keV*sr)
 theta =  28.0: CS = 0.10479E-04 b/(keV*sr), CSC = 0.10410E-04 b/(keV*sr)
 theta =  29.0: CS = 0.98950E-05 b/(keV*sr), CSC = 0.98283E-05 b/(keV*sr)
 theta =  30.0: CS = 0.93213E-05 b/(keV*sr), CSC = 0.92577E-05 b/(keV*sr)
 theta =  31.0: CS = 0.87606E-05 b/(keV*sr), CSC = 0.86999E-05 b/(keV*sr)
 theta =  32.0: CS = 0.82148E-05 b/(keV*sr), CSC = 0.81571E-05 b/(keV*sr)
 theta =  33.0: CS = 0.76857E-05 b/(keV*sr), CSC = 0.76310E-05 b/(keV*sr)
 theta =  34.0: CS = 0.71750E-05 b/(keV*sr), CSC = 0.71232E-05 b/(keV*sr)
 theta =  35.0: CS = 0.66838E-05 b/(keV*sr), CSC = 0.66348E-05 b/(keV*sr)
 theta =  36.0: CS = 0.62131E-05 b/(keV*sr), CSC = 0.61668E-05 b/(keV*sr)
 theta =  37.0: CS = 0.57636E-05 b/(keV*sr), CSC = 0.57200E-05 b/(keV*sr)
 theta =  38.0: CS = 0.53358E-05 b/(keV*sr), CSC = 0.52948E-05 b/(keV*sr)
 theta =  39.0: CS = 0.49301E-05 b/(keV*sr), CSC = 0.48916E-05 b/(keV*sr)
 theta =  40.0: CS = 0.45466E-05 b/(keV*sr), CSC = 0.45105E-05 b/(keV*sr)
 theta =  41.0: CS = 0.41853E-05 b/(keV*sr), CSC = 0.41515E-05 b/(keV*sr)
 theta =  42.0: CS = 0.38459E-05 b/(keV*sr), CSC = 0.38143E-05 b/(keV*sr)
 theta =  43.0: CS = 0.35281E-05 b/(keV*sr), CSC = 0.34986E-05 b/(keV*sr)
 theta =  44.0: CS = 0.32316E-05 b/(keV*sr), CSC = 0.32041E-05 b/(keV*sr)
 theta =  45.0: CS = 0.29558E-05 b/(keV*sr), CSC = 0.29302E-05 b/(keV*sr)
 theta =  46.0: CS = 0.27002E-05 b/(keV*sr), CSC = 0.26763E-05 b/(keV*sr)
 theta =  47.0: CS = 0.24639E-05 b/(keV*sr), CSC = 0.24417E-05 b/(keV*sr)
 theta =  48.0: CS = 0.22464E-05 b/(keV*sr), CSC = 0.22258E-05 b/(keV*sr)
 theta =  49.0: CS = 0.20469E-05 b/(keV*sr), CSC = 0.20277E-05 b/(keV*sr)
 theta =  50.0: CS = 0.18645E-05 b/(keV*sr), CSC = 0.18467E-05 b/(keV*sr)
 theta =  51.0: CS = 0.16986E-05 b/(keV*sr), CSC = 0.16820E-05 b/(keV*sr)
 theta =  52.0: CS = 0.15482E-05 b/(keV*sr), CSC = 0.15327E-05 b/(keV*sr)
 theta =  53.0: CS = 0.14125E-05 b/(keV*sr), CSC = 0.13981E-05 b/(keV*sr)
 theta =  54.0: CS = 0.12907E-05 b/(keV*sr), CSC = 0.12773E-05 b/(keV*sr)
 theta =  55.0: CS = 0.11820E-05 b/(keV*sr), CSC = 0.11694E-05 b/(keV*sr)
 theta =  56.0: CS = 0.10855E-05 b/(keV*sr), CSC = 0.10737E-05 b/(keV*sr)
 theta =  57.0: CS = 0.10005E-05 b/(keV*sr), CSC = 0.98935E-06 b/(keV*sr)
 theta =  58.0: CS = 0.92610E-06 b/(keV*sr), CSC = 0.91557E-06 b/(keV*sr)
 theta =  59.0: CS = 0.86162E-06 b/(keV*sr), CSC = 0.85160E-06 b/(keV*sr)
 theta =  60.0: CS = 0.80629E-06 b/(keV*sr), CSC = 0.79669E-06 b/(keV*sr)
 theta =  61.0: CS = 0.75938E-06 b/(keV*sr), CSC = 0.75012E-06 b/(keV*sr)
 theta =  62.0: CS = 0.72019E-06 b/(keV*sr), CSC = 0.71119E-06 b/(keV*sr)
 theta =  63.0: CS = 0.68804E-06 b/(keV*sr), CSC = 0.67922E-06 b/(keV*sr)
 theta =  64.0: CS = 0.66227E-06 b/(keV*sr), CSC = 0.65357E-06 b/(keV*sr)
 theta =  65.0: CS = 0.64228E-06 b/(keV*sr), CSC = 0.63362E-06 b/(keV*sr)
 theta =  66.0: CS = 0.62745E-06 b/(keV*sr), CSC = 0.61877E-06 b/(keV*sr)
 theta =  67.0: CS = 0.61722E-06 b/(keV*sr), CSC = 0.60845E-06 b/(keV*sr)
 theta =  68.0: CS = 0.61104E-06 b/(keV*sr), CSC = 0.60213E-06 b/(keV*sr)
 theta =  69.0: CS = 0.60841E-06 b/(keV*sr), CSC = 0.59929E-06 b/(keV*sr)
 theta =  70.0: CS = 0.60882E-06 b/(keV*sr), CSC = 0.59943E-06 b/(keV*sr)
 theta =  71.0: CS = 0.61181E-06 b/(keV*sr), CSC = 0.60211E-06 b/(keV*sr)
 theta =  72.0: CS = 0.61695E-06 b/(keV*sr), CSC = 0.60688E-06 b/(keV*sr)
 theta =  73.0: CS = 0.62382E-06 b/(keV*sr), CSC = 0.61334E-06 b/(keV*sr)
 theta =  74.0: CS = 0.63204E-06 b/(keV*sr), CSC = 0.62110E-06 b/(keV*sr)
 theta =  75.0: CS = 0.64123E-06 b/(keV*sr), CSC = 0.62979E-06 b/(keV*sr)
 theta =  76.0: CS = 0.65106E-06 b/(keV*sr), CSC = 0.63908E-06 b/(keV*sr)
 theta =  77.0: CS = 0.66122E-06 b/(keV*sr), CSC = 0.64866E-06 b/(keV*sr)
 theta =  78.0: CS = 0.67140E-06 b/(keV*sr), CSC = 0.65823E-06 b/(keV*sr)
 theta =  79.0: CS = 0.68133E-06 b/(keV*sr), CSC = 0.66752E-06 b/(keV*sr)
 theta =  80.0: CS = 0.69077E-06 b/(keV*sr), CSC = 0.67628E-06 b/(keV*sr)
 theta =  81.0: CS = 0.69947E-06 b/(keV*sr), CSC = 0.68430E-06 b/(keV*sr)
 theta =  82.0: CS = 0.70724E-06 b/(keV*sr), CSC = 0.69134E-06 b/(keV*sr)
 theta =  83.0: CS = 0.71387E-06 b/(keV*sr), CSC = 0.69724E-06 b/(keV*sr)
 theta =  84.0: CS = 0.71919E-06 b/(keV*sr), CSC = 0.70180E-06 b/(keV*sr)
 theta =  85.0: CS = 0.72305E-06 b/(keV*sr), CSC = 0.70489E-06 b/(keV*sr)
 theta =  86.0: CS = 0.72530E-06 b/(keV*sr), CSC = 0.70637E-06 b/(keV*sr)
 theta =  87.0: CS = 0.72582E-06 b/(keV*sr), CSC = 0.70610E-06 b/(keV*sr)
 theta =  88.0: CS = 0.72451E-06 b/(keV*sr), CSC = 0.70399E-06 b/(keV*sr)
 theta =  89.0: CS = 0.72126E-06 b/(keV*sr), CSC = 0.69995E-06 b/(keV*sr)
 theta =  90.0: CS = 0.71600E-06 b/(keV*sr), CSC = 0.69389E-06 b/(keV*sr)
 theta =  91.0: CS = 0.70866E-06 b/(keV*sr), CSC = 0.68576E-06 b/(keV*sr)
 theta =  92.0: CS = 0.69918E-06 b/(keV*sr), CSC = 0.67549E-06 b/(keV*sr)
 theta =  93.0: CS = 0.68752E-06 b/(keV*sr), CSC = 0.66304E-06 b/(keV*sr)
 theta =  94.0: CS = 0.67363E-06 b/(keV*sr), CSC = 0.64838E-06 b/(keV*sr)
 theta =  95.0: CS = 0.65749E-06 b/(keV*sr), CSC = 0.63148E-06 b/(keV*sr)
 theta =  96.0: CS = 0.63907E-06 b/(keV*sr), CSC = 0.61231E-06 b/(keV*sr)
 theta =  97.0: CS = 0.61835E-06 b/(keV*sr), CSC = 0.59086E-06 b/(keV*sr)
 theta =  98.0: CS = 0.59530E-06 b/(keV*sr), CSC = 0.56710E-06 b/(keV*sr)
 theta =  99.0: CS = 0.56989E-06 b/(keV*sr), CSC = 0.54100E-06 b/(keV*sr)
 theta = 100.0: CS = 0.54208E-06 b/(keV*sr), CSC = 0.51252E-06 b/(keV*sr)
 theta = 101.0: CS = 0.51181E-06 b/(keV*sr), CSC = 0.48161E-06 b/(keV*sr)
 theta = 102.0: CS = 0.47898E-06 b/(keV*sr), CSC = 0.44815E-06 b/(keV*sr)
 theta = 103.0: CS = 0.44342E-06 b/(keV*sr), CSC = 0.41199E-06 b/(keV*sr)
 theta = 104.0: CS = 0.40487E-06 b/(keV*sr), CSC = 0.37287E-06 b/(keV*sr)
 theta = 105.0: CS = 0.36289E-06 b/(keV*sr), CSC = 0.33034E-06 b/(keV*sr)
 theta = 106.0: CS = 0.31669E-06 b/(keV*sr), CSC = 0.28361E-06 b/(keV*sr)
 theta = 107.0: CS = 0.26472E-06 b/(keV*sr), CSC = 0.23114E-06 b/(keV*sr)
 theta = 108.0: CS = 0.20342E-06 b/(keV*sr), CSC = 0.16942E-06 b/(keV*sr)
 theta = 109.0: CS = 0.12048E-06 b/(keV*sr), CSC = 0.86689E-07 b/(keV*sr)
