 Electron-electron bremsstrahlung in the cms for E1 =   300.0 keV

 Maximum photon energy =  489.03 keV

 Photon energy =  100.0 keV:

 theta =   0.0 Grad : WQ = 0.61043E-04 b/(keV*sr), WQC = 0.61024E-04 b/(keV*sr)
 theta =   1.0 Grad : WQ = 0.60926E-04 b/(keV*sr), WQC = 0.60906E-04 b/(keV*sr)
 theta =   2.0 Grad : WQ = 0.60575E-04 b/(keV*sr), WQC = 0.60556E-04 b/(keV*sr)
 theta =   3.0 Grad : WQ = 0.59999E-04 b/(keV*sr), WQC = 0.59980E-04 b/(keV*sr)
 theta =   4.0 Grad : WQ = 0.59204E-04 b/(keV*sr), WQC = 0.59186E-04 b/(keV*sr)
 theta =   5.0 Grad : WQ = 0.58206E-04 b/(keV*sr), WQC = 0.58188E-04 b/(keV*sr)
 theta =   6.0 Grad : WQ = 0.57019E-04 b/(keV*sr), WQC = 0.57001E-04 b/(keV*sr)
 theta =   7.0 Grad : WQ = 0.55663E-04 b/(keV*sr), WQC = 0.55645E-04 b/(keV*sr)
 theta =   8.0 Grad : WQ = 0.54157E-04 b/(keV*sr), WQC = 0.54140E-04 b/(keV*sr)
 theta =   9.0 Grad : WQ = 0.52523E-04 b/(keV*sr), WQC = 0.52506E-04 b/(keV*sr)
 theta =  10.0 Grad : WQ = 0.50782E-04 b/(keV*sr), WQC = 0.50766E-04 b/(keV*sr)
 theta =  11.0 Grad : WQ = 0.48959E-04 b/(keV*sr), WQC = 0.48943E-04 b/(keV*sr)
 theta =  12.0 Grad : WQ = 0.47074E-04 b/(keV*sr), WQC = 0.47059E-04 b/(keV*sr)
 theta =  13.0 Grad : WQ = 0.45148E-04 b/(keV*sr), WQC = 0.45134E-04 b/(keV*sr)
 theta =  14.0 Grad : WQ = 0.43201E-04 b/(keV*sr), WQC = 0.43188E-04 b/(keV*sr)
 theta =  15.0 Grad : WQ = 0.41252E-04 b/(keV*sr), WQC = 0.41239E-04 b/(keV*sr)
 theta =  16.0 Grad : WQ = 0.39316E-04 b/(keV*sr), WQC = 0.39303E-04 b/(keV*sr)
 theta =  17.0 Grad : WQ = 0.37408E-04 b/(keV*sr), WQC = 0.37396E-04 b/(keV*sr)
 theta =  18.0 Grad : WQ = 0.35541E-04 b/(keV*sr), WQC = 0.35529E-04 b/(keV*sr)
 theta =  19.0 Grad : WQ = 0.33724E-04 b/(keV*sr), WQC = 0.33713E-04 b/(keV*sr)
 theta =  20.0 Grad : WQ = 0.31966E-04 b/(keV*sr), WQC = 0.31956E-04 b/(keV*sr)
 theta =  21.0 Grad : WQ = 0.30275E-04 b/(keV*sr), WQC = 0.30265E-04 b/(keV*sr)
 theta =  22.0 Grad : WQ = 0.28654E-04 b/(keV*sr), WQC = 0.28645E-04 b/(keV*sr)
 theta =  23.0 Grad : WQ = 0.27106E-04 b/(keV*sr), WQC = 0.27098E-04 b/(keV*sr)
 theta =  24.0 Grad : WQ = 0.25635E-04 b/(keV*sr), WQC = 0.25627E-04 b/(keV*sr)
 theta =  25.0 Grad : WQ = 0.24240E-04 b/(keV*sr), WQC = 0.24233E-04 b/(keV*sr)
 theta =  26.0 Grad : WQ = 0.22922E-04 b/(keV*sr), WQC = 0.22914E-04 b/(keV*sr)
 theta =  27.0 Grad : WQ = 0.21678E-04 b/(keV*sr), WQC = 0.21671E-04 b/(keV*sr)
 theta =  28.0 Grad : WQ = 0.20507E-04 b/(keV*sr), WQC = 0.20501E-04 b/(keV*sr)
 theta =  29.0 Grad : WQ = 0.19408E-04 b/(keV*sr), WQC = 0.19402E-04 b/(keV*sr)
 theta =  30.0 Grad : WQ = 0.18376E-04 b/(keV*sr), WQC = 0.18370E-04 b/(keV*sr)
 theta =  31.0 Grad : WQ = 0.17409E-04 b/(keV*sr), WQC = 0.17404E-04 b/(keV*sr)
 theta =  32.0 Grad : WQ = 0.16504E-04 b/(keV*sr), WQC = 0.16499E-04 b/(keV*sr)
 theta =  33.0 Grad : WQ = 0.15657E-04 b/(keV*sr), WQC = 0.15652E-04 b/(keV*sr)
 theta =  34.0 Grad : WQ = 0.14865E-04 b/(keV*sr), WQC = 0.14861E-04 b/(keV*sr)
 theta =  35.0 Grad : WQ = 0.14125E-04 b/(keV*sr), WQC = 0.14121E-04 b/(keV*sr)
 theta =  36.0 Grad : WQ = 0.13433E-04 b/(keV*sr), WQC = 0.13429E-04 b/(keV*sr)
 theta =  37.0 Grad : WQ = 0.12786E-04 b/(keV*sr), WQC = 0.12782E-04 b/(keV*sr)
 theta =  38.0 Grad : WQ = 0.12180E-04 b/(keV*sr), WQC = 0.12177E-04 b/(keV*sr)
 theta =  39.0 Grad : WQ = 0.11614E-04 b/(keV*sr), WQC = 0.11610E-04 b/(keV*sr)
 theta =  40.0 Grad : WQ = 0.11084E-04 b/(keV*sr), WQC = 0.11081E-04 b/(keV*sr)
 theta =  41.0 Grad : WQ = 0.10588E-04 b/(keV*sr), WQC = 0.10585E-04 b/(keV*sr)
 theta =  42.0 Grad : WQ = 0.10123E-04 b/(keV*sr), WQC = 0.10120E-04 b/(keV*sr)
 theta =  43.0 Grad : WQ = 0.96872E-05 b/(keV*sr), WQC = 0.96842E-05 b/(keV*sr)
 theta =  44.0 Grad : WQ = 0.92783E-05 b/(keV*sr), WQC = 0.92754E-05 b/(keV*sr)
 theta =  45.0 Grad : WQ = 0.88944E-05 b/(keV*sr), WQC = 0.88916E-05 b/(keV*sr)
 theta =  46.0 Grad : WQ = 0.85337E-05 b/(keV*sr), WQC = 0.85310E-05 b/(keV*sr)
 theta =  47.0 Grad : WQ = 0.81946E-05 b/(keV*sr), WQC = 0.81920E-05 b/(keV*sr)
 theta =  48.0 Grad : WQ = 0.78756E-05 b/(keV*sr), WQC = 0.78731E-05 b/(keV*sr)
 theta =  49.0 Grad : WQ = 0.75753E-05 b/(keV*sr), WQC = 0.75729E-05 b/(keV*sr)
 theta =  50.0 Grad : WQ = 0.72924E-05 b/(keV*sr), WQC = 0.72901E-05 b/(keV*sr)
 theta =  51.0 Grad : WQ = 0.70257E-05 b/(keV*sr), WQC = 0.70235E-05 b/(keV*sr)
 theta =  52.0 Grad : WQ = 0.67742E-05 b/(keV*sr), WQC = 0.67721E-05 b/(keV*sr)
 theta =  53.0 Grad : WQ = 0.65370E-05 b/(keV*sr), WQC = 0.65349E-05 b/(keV*sr)
 theta =  54.0 Grad : WQ = 0.63130E-05 b/(keV*sr), WQC = 0.63110E-05 b/(keV*sr)
 theta =  55.0 Grad : WQ = 0.61016E-05 b/(keV*sr), WQC = 0.60996E-05 b/(keV*sr)
 theta =  56.0 Grad : WQ = 0.59018E-05 b/(keV*sr), WQC = 0.58999E-05 b/(keV*sr)
 theta =  57.0 Grad : WQ = 0.57131E-05 b/(keV*sr), WQC = 0.57113E-05 b/(keV*sr)
 theta =  58.0 Grad : WQ = 0.55348E-05 b/(keV*sr), WQC = 0.55330E-05 b/(keV*sr)
 theta =  59.0 Grad : WQ = 0.53662E-05 b/(keV*sr), WQC = 0.53646E-05 b/(keV*sr)
 theta =  60.0 Grad : WQ = 0.52070E-05 b/(keV*sr), WQC = 0.52054E-05 b/(keV*sr)
 theta =  61.0 Grad : WQ = 0.50566E-05 b/(keV*sr), WQC = 0.50550E-05 b/(keV*sr)
 theta =  62.0 Grad : WQ = 0.49144E-05 b/(keV*sr), WQC = 0.49129E-05 b/(keV*sr)
 theta =  63.0 Grad : WQ = 0.47802E-05 b/(keV*sr), WQC = 0.47787E-05 b/(keV*sr)
 theta =  64.0 Grad : WQ = 0.46535E-05 b/(keV*sr), WQC = 0.46520E-05 b/(keV*sr)
 theta =  65.0 Grad : WQ = 0.45339E-05 b/(keV*sr), WQC = 0.45325E-05 b/(keV*sr)
 theta =  66.0 Grad : WQ = 0.44212E-05 b/(keV*sr), WQC = 0.44198E-05 b/(keV*sr)
 theta =  67.0 Grad : WQ = 0.43150E-05 b/(keV*sr), WQC = 0.43137E-05 b/(keV*sr)
 theta =  68.0 Grad : WQ = 0.42151E-05 b/(keV*sr), WQC = 0.42138E-05 b/(keV*sr)
 theta =  69.0 Grad : WQ = 0.41212E-05 b/(keV*sr), WQC = 0.41199E-05 b/(keV*sr)
 theta =  70.0 Grad : WQ = 0.40330E-05 b/(keV*sr), WQC = 0.40317E-05 b/(keV*sr)
 theta =  71.0 Grad : WQ = 0.39503E-05 b/(keV*sr), WQC = 0.39491E-05 b/(keV*sr)
 theta =  72.0 Grad : WQ = 0.38730E-05 b/(keV*sr), WQC = 0.38718E-05 b/(keV*sr)
 theta =  73.0 Grad : WQ = 0.38008E-05 b/(keV*sr), WQC = 0.37996E-05 b/(keV*sr)
 theta =  74.0 Grad : WQ = 0.37336E-05 b/(keV*sr), WQC = 0.37324E-05 b/(keV*sr)
 theta =  75.0 Grad : WQ = 0.36711E-05 b/(keV*sr), WQC = 0.36700E-05 b/(keV*sr)
 theta =  76.0 Grad : WQ = 0.36134E-05 b/(keV*sr), WQC = 0.36122E-05 b/(keV*sr)
 theta =  77.0 Grad : WQ = 0.35601E-05 b/(keV*sr), WQC = 0.35590E-05 b/(keV*sr)
 theta =  78.0 Grad : WQ = 0.35113E-05 b/(keV*sr), WQC = 0.35102E-05 b/(keV*sr)
 theta =  79.0 Grad : WQ = 0.34668E-05 b/(keV*sr), WQC = 0.34657E-05 b/(keV*sr)
 theta =  80.0 Grad : WQ = 0.34264E-05 b/(keV*sr), WQC = 0.34254E-05 b/(keV*sr)
 theta =  81.0 Grad : WQ = 0.33902E-05 b/(keV*sr), WQC = 0.33891E-05 b/(keV*sr)
 theta =  82.0 Grad : WQ = 0.33580E-05 b/(keV*sr), WQC = 0.33569E-05 b/(keV*sr)
 theta =  83.0 Grad : WQ = 0.33297E-05 b/(keV*sr), WQC = 0.33287E-05 b/(keV*sr)
 theta =  84.0 Grad : WQ = 0.33054E-05 b/(keV*sr), WQC = 0.33043E-05 b/(keV*sr)
 theta =  85.0 Grad : WQ = 0.32848E-05 b/(keV*sr), WQC = 0.32838E-05 b/(keV*sr)
 theta =  86.0 Grad : WQ = 0.32681E-05 b/(keV*sr), WQC = 0.32671E-05 b/(keV*sr)
 theta =  87.0 Grad : WQ = 0.32551E-05 b/(keV*sr), WQC = 0.32541E-05 b/(keV*sr)
 theta =  88.0 Grad : WQ = 0.32459E-05 b/(keV*sr), WQC = 0.32449E-05 b/(keV*sr)
 theta =  89.0 Grad : WQ = 0.32403E-05 b/(keV*sr), WQC = 0.32393E-05 b/(keV*sr)
 theta =  90.0 Grad : WQ = 0.32385E-05 b/(keV*sr), WQC = 0.32375E-05 b/(keV*sr)
 theta =  91.0 Grad : WQ = 0.32403E-05 b/(keV*sr), WQC = 0.32393E-05 b/(keV*sr)
 theta =  92.0 Grad : WQ = 0.32459E-05 b/(keV*sr), WQC = 0.32449E-05 b/(keV*sr)
 theta =  93.0 Grad : WQ = 0.32551E-05 b/(keV*sr), WQC = 0.32541E-05 b/(keV*sr)
 theta =  94.0 Grad : WQ = 0.32681E-05 b/(keV*sr), WQC = 0.32671E-05 b/(keV*sr)
 theta =  95.0 Grad : WQ = 0.32848E-05 b/(keV*sr), WQC = 0.32838E-05 b/(keV*sr)
 theta =  96.0 Grad : WQ = 0.33054E-05 b/(keV*sr), WQC = 0.33043E-05 b/(keV*sr)
 theta =  97.0 Grad : WQ = 0.33297E-05 b/(keV*sr), WQC = 0.33287E-05 b/(keV*sr)
 theta =  98.0 Grad : WQ = 0.33580E-05 b/(keV*sr), WQC = 0.33569E-05 b/(keV*sr)
 theta =  99.0 Grad : WQ = 0.33902E-05 b/(keV*sr), WQC = 0.33891E-05 b/(keV*sr)
 theta = 100.0 Grad : WQ = 0.34264E-05 b/(keV*sr), WQC = 0.34254E-05 b/(keV*sr)
 theta = 101.0 Grad : WQ = 0.34668E-05 b/(keV*sr), WQC = 0.34657E-05 b/(keV*sr)
 theta = 102.0 Grad : WQ = 0.35113E-05 b/(keV*sr), WQC = 0.35102E-05 b/(keV*sr)
 theta = 103.0 Grad : WQ = 0.35601E-05 b/(keV*sr), WQC = 0.35590E-05 b/(keV*sr)
 theta = 104.0 Grad : WQ = 0.36134E-05 b/(keV*sr), WQC = 0.36122E-05 b/(keV*sr)
 theta = 105.0 Grad : WQ = 0.36711E-05 b/(keV*sr), WQC = 0.36700E-05 b/(keV*sr)
 theta = 106.0 Grad : WQ = 0.37336E-05 b/(keV*sr), WQC = 0.37324E-05 b/(keV*sr)
 theta = 107.0 Grad : WQ = 0.38008E-05 b/(keV*sr), WQC = 0.37996E-05 b/(keV*sr)
 theta = 108.0 Grad : WQ = 0.38730E-05 b/(keV*sr), WQC = 0.38718E-05 b/(keV*sr)
 theta = 109.0 Grad : WQ = 0.39503E-05 b/(keV*sr), WQC = 0.39491E-05 b/(keV*sr)
 theta = 110.0 Grad : WQ = 0.40330E-05 b/(keV*sr), WQC = 0.40317E-05 b/(keV*sr)
 theta = 111.0 Grad : WQ = 0.41212E-05 b/(keV*sr), WQC = 0.41199E-05 b/(keV*sr)
 theta = 112.0 Grad : WQ = 0.42151E-05 b/(keV*sr), WQC = 0.42138E-05 b/(keV*sr)
 theta = 113.0 Grad : WQ = 0.43150E-05 b/(keV*sr), WQC = 0.43137E-05 b/(keV*sr)
 theta = 114.0 Grad : WQ = 0.44212E-05 b/(keV*sr), WQC = 0.44198E-05 b/(keV*sr)
 theta = 115.0 Grad : WQ = 0.45339E-05 b/(keV*sr), WQC = 0.45325E-05 b/(keV*sr)
 theta = 116.0 Grad : WQ = 0.46535E-05 b/(keV*sr), WQC = 0.46520E-05 b/(keV*sr)
 theta = 117.0 Grad : WQ = 0.47802E-05 b/(keV*sr), WQC = 0.47787E-05 b/(keV*sr)
 theta = 118.0 Grad : WQ = 0.49144E-05 b/(keV*sr), WQC = 0.49129E-05 b/(keV*sr)
 theta = 119.0 Grad : WQ = 0.50566E-05 b/(keV*sr), WQC = 0.50550E-05 b/(keV*sr)
 theta = 120.0 Grad : WQ = 0.52070E-05 b/(keV*sr), WQC = 0.52054E-05 b/(keV*sr)
 theta = 121.0 Grad : WQ = 0.53662E-05 b/(keV*sr), WQC = 0.53646E-05 b/(keV*sr)
 theta = 122.0 Grad : WQ = 0.55348E-05 b/(keV*sr), WQC = 0.55330E-05 b/(keV*sr)
 theta = 123.0 Grad : WQ = 0.57131E-05 b/(keV*sr), WQC = 0.57113E-05 b/(keV*sr)
 theta = 124.0 Grad : WQ = 0.59018E-05 b/(keV*sr), WQC = 0.58999E-05 b/(keV*sr)
 theta = 125.0 Grad : WQ = 0.61016E-05 b/(keV*sr), WQC = 0.60996E-05 b/(keV*sr)
 theta = 126.0 Grad : WQ = 0.63130E-05 b/(keV*sr), WQC = 0.63110E-05 b/(keV*sr)
 theta = 127.0 Grad : WQ = 0.65370E-05 b/(keV*sr), WQC = 0.65349E-05 b/(keV*sr)
 theta = 128.0 Grad : WQ = 0.67742E-05 b/(keV*sr), WQC = 0.67721E-05 b/(keV*sr)
 theta = 129.0 Grad : WQ = 0.70257E-05 b/(keV*sr), WQC = 0.70235E-05 b/(keV*sr)
 theta = 130.0 Grad : WQ = 0.72924E-05 b/(keV*sr), WQC = 0.72901E-05 b/(keV*sr)
 theta = 131.0 Grad : WQ = 0.75753E-05 b/(keV*sr), WQC = 0.75729E-05 b/(keV*sr)
 theta = 132.0 Grad : WQ = 0.78756E-05 b/(keV*sr), WQC = 0.78731E-05 b/(keV*sr)
 theta = 133.0 Grad : WQ = 0.81946E-05 b/(keV*sr), WQC = 0.81920E-05 b/(keV*sr)
 theta = 134.0 Grad : WQ = 0.85337E-05 b/(keV*sr), WQC = 0.85310E-05 b/(keV*sr)
 theta = 135.0 Grad : WQ = 0.88944E-05 b/(keV*sr), WQC = 0.88916E-05 b/(keV*sr)
 theta = 136.0 Grad : WQ = 0.92783E-05 b/(keV*sr), WQC = 0.92754E-05 b/(keV*sr)
 theta = 137.0 Grad : WQ = 0.96872E-05 b/(keV*sr), WQC = 0.96842E-05 b/(keV*sr)
 theta = 138.0 Grad : WQ = 0.10123E-04 b/(keV*sr), WQC = 0.10120E-04 b/(keV*sr)
 theta = 139.0 Grad : WQ = 0.10588E-04 b/(keV*sr), WQC = 0.10585E-04 b/(keV*sr)
 theta = 140.0 Grad : WQ = 0.11084E-04 b/(keV*sr), WQC = 0.11081E-04 b/(keV*sr)
 theta = 141.0 Grad : WQ = 0.11614E-04 b/(keV*sr), WQC = 0.11610E-04 b/(keV*sr)
 theta = 142.0 Grad : WQ = 0.12180E-04 b/(keV*sr), WQC = 0.12177E-04 b/(keV*sr)
 theta = 143.0 Grad : WQ = 0.12786E-04 b/(keV*sr), WQC = 0.12782E-04 b/(keV*sr)
 theta = 144.0 Grad : WQ = 0.13433E-04 b/(keV*sr), WQC = 0.13429E-04 b/(keV*sr)
 theta = 145.0 Grad : WQ = 0.14125E-04 b/(keV*sr), WQC = 0.14121E-04 b/(keV*sr)
 theta = 146.0 Grad : WQ = 0.14865E-04 b/(keV*sr), WQC = 0.14861E-04 b/(keV*sr)
 theta = 147.0 Grad : WQ = 0.15657E-04 b/(keV*sr), WQC = 0.15652E-04 b/(keV*sr)
 theta = 148.0 Grad : WQ = 0.16504E-04 b/(keV*sr), WQC = 0.16499E-04 b/(keV*sr)
 theta = 149.0 Grad : WQ = 0.17409E-04 b/(keV*sr), WQC = 0.17404E-04 b/(keV*sr)
 theta = 150.0 Grad : WQ = 0.18376E-04 b/(keV*sr), WQC = 0.18370E-04 b/(keV*sr)
 theta = 151.0 Grad : WQ = 0.19408E-04 b/(keV*sr), WQC = 0.19402E-04 b/(keV*sr)
 theta = 152.0 Grad : WQ = 0.20507E-04 b/(keV*sr), WQC = 0.20501E-04 b/(keV*sr)
 theta = 153.0 Grad : WQ = 0.21678E-04 b/(keV*sr), WQC = 0.21671E-04 b/(keV*sr)
 theta = 154.0 Grad : WQ = 0.22922E-04 b/(keV*sr), WQC = 0.22914E-04 b/(keV*sr)
 theta = 155.0 Grad : WQ = 0.24240E-04 b/(keV*sr), WQC = 0.24233E-04 b/(keV*sr)
 theta = 156.0 Grad : WQ = 0.25635E-04 b/(keV*sr), WQC = 0.25627E-04 b/(keV*sr)
 theta = 157.0 Grad : WQ = 0.27106E-04 b/(keV*sr), WQC = 0.27098E-04 b/(keV*sr)
 theta = 158.0 Grad : WQ = 0.28654E-04 b/(keV*sr), WQC = 0.28645E-04 b/(keV*sr)
 theta = 159.0 Grad : WQ = 0.30275E-04 b/(keV*sr), WQC = 0.30265E-04 b/(keV*sr)
 theta = 160.0 Grad : WQ = 0.31966E-04 b/(keV*sr), WQC = 0.31956E-04 b/(keV*sr)
 theta = 161.0 Grad : WQ = 0.33724E-04 b/(keV*sr), WQC = 0.33713E-04 b/(keV*sr)
 theta = 162.0 Grad : WQ = 0.35541E-04 b/(keV*sr), WQC = 0.35529E-04 b/(keV*sr)
 theta = 163.0 Grad : WQ = 0.37408E-04 b/(keV*sr), WQC = 0.37396E-04 b/(keV*sr)
 theta = 164.0 Grad : WQ = 0.39316E-04 b/(keV*sr), WQC = 0.39303E-04 b/(keV*sr)
 theta = 165.0 Grad : WQ = 0.41252E-04 b/(keV*sr), WQC = 0.41239E-04 b/(keV*sr)
 theta = 166.0 Grad : WQ = 0.43201E-04 b/(keV*sr), WQC = 0.43188E-04 b/(keV*sr)
 theta = 167.0 Grad : WQ = 0.45148E-04 b/(keV*sr), WQC = 0.45134E-04 b/(keV*sr)
 theta = 168.0 Grad : WQ = 0.47074E-04 b/(keV*sr), WQC = 0.47059E-04 b/(keV*sr)
 theta = 169.0 Grad : WQ = 0.48959E-04 b/(keV*sr), WQC = 0.48943E-04 b/(keV*sr)
 theta = 170.0 Grad : WQ = 0.50782E-04 b/(keV*sr), WQC = 0.50766E-04 b/(keV*sr)
 theta = 171.0 Grad : WQ = 0.52523E-04 b/(keV*sr), WQC = 0.52506E-04 b/(keV*sr)
 theta = 172.0 Grad : WQ = 0.54157E-04 b/(keV*sr), WQC = 0.54140E-04 b/(keV*sr)
 theta = 173.0 Grad : WQ = 0.55663E-04 b/(keV*sr), WQC = 0.55645E-04 b/(keV*sr)
 theta = 174.0 Grad : WQ = 0.57019E-04 b/(keV*sr), WQC = 0.57001E-04 b/(keV*sr)
 theta = 175.0 Grad : WQ = 0.58206E-04 b/(keV*sr), WQC = 0.58188E-04 b/(keV*sr)
 theta = 176.0 Grad : WQ = 0.59204E-04 b/(keV*sr), WQC = 0.59186E-04 b/(keV*sr)
 theta = 177.0 Grad : WQ = 0.59999E-04 b/(keV*sr), WQC = 0.59980E-04 b/(keV*sr)
 theta = 178.0 Grad : WQ = 0.60575E-04 b/(keV*sr), WQC = 0.60556E-04 b/(keV*sr)
 theta = 179.0 Grad : WQ = 0.60926E-04 b/(keV*sr), WQC = 0.60906E-04 b/(keV*sr)
 theta = 180.0 Grad : WQ = 0.61043E-04 b/(keV*sr), WQC = 0.61024E-04 b/(keV*sr)
 Photon energy =  450.0 keV:

 theta =   0.0 Grad : WQ = 0.83887E-06 b/(keV*sr), WQC = 0.82628E-06 b/(keV*sr)
 theta =   1.0 Grad : WQ = 0.83904E-06 b/(keV*sr), WQC = 0.82645E-06 b/(keV*sr)
 theta =   2.0 Grad : WQ = 0.83952E-06 b/(keV*sr), WQC = 0.82692E-06 b/(keV*sr)
 theta =   3.0 Grad : WQ = 0.84025E-06 b/(keV*sr), WQC = 0.82764E-06 b/(keV*sr)
 theta =   4.0 Grad : WQ = 0.84110E-06 b/(keV*sr), WQC = 0.82848E-06 b/(keV*sr)
 theta =   5.0 Grad : WQ = 0.84192E-06 b/(keV*sr), WQC = 0.82929E-06 b/(keV*sr)
 theta =   6.0 Grad : WQ = 0.84253E-06 b/(keV*sr), WQC = 0.82989E-06 b/(keV*sr)
 theta =   7.0 Grad : WQ = 0.84272E-06 b/(keV*sr), WQC = 0.83007E-06 b/(keV*sr)
 theta =   8.0 Grad : WQ = 0.84228E-06 b/(keV*sr), WQC = 0.82964E-06 b/(keV*sr)
 theta =   9.0 Grad : WQ = 0.84099E-06 b/(keV*sr), WQC = 0.82836E-06 b/(keV*sr)
 theta =  10.0 Grad : WQ = 0.83864E-06 b/(keV*sr), WQC = 0.82605E-06 b/(keV*sr)
 theta =  11.0 Grad : WQ = 0.83504E-06 b/(keV*sr), WQC = 0.82251E-06 b/(keV*sr)
 theta =  12.0 Grad : WQ = 0.83005E-06 b/(keV*sr), WQC = 0.81759E-06 b/(keV*sr)
 theta =  13.0 Grad : WQ = 0.82351E-06 b/(keV*sr), WQC = 0.81115E-06 b/(keV*sr)
 theta =  14.0 Grad : WQ = 0.81535E-06 b/(keV*sr), WQC = 0.80311E-06 b/(keV*sr)
 theta =  15.0 Grad : WQ = 0.80550E-06 b/(keV*sr), WQC = 0.79341E-06 b/(keV*sr)
 theta =  16.0 Grad : WQ = 0.79394E-06 b/(keV*sr), WQC = 0.78202E-06 b/(keV*sr)
 theta =  17.0 Grad : WQ = 0.78070E-06 b/(keV*sr), WQC = 0.76898E-06 b/(keV*sr)
 theta =  18.0 Grad : WQ = 0.76582E-06 b/(keV*sr), WQC = 0.75432E-06 b/(keV*sr)
 theta =  19.0 Grad : WQ = 0.74939E-06 b/(keV*sr), WQC = 0.73814E-06 b/(keV*sr)
 theta =  20.0 Grad : WQ = 0.73152E-06 b/(keV*sr), WQC = 0.72054E-06 b/(keV*sr)
 theta =  21.0 Grad : WQ = 0.71234E-06 b/(keV*sr), WQC = 0.70165E-06 b/(keV*sr)
 theta =  22.0 Grad : WQ = 0.69200E-06 b/(keV*sr), WQC = 0.68162E-06 b/(keV*sr)
 theta =  23.0 Grad : WQ = 0.67066E-06 b/(keV*sr), WQC = 0.66060E-06 b/(keV*sr)
 theta =  24.0 Grad : WQ = 0.64849E-06 b/(keV*sr), WQC = 0.63876E-06 b/(keV*sr)
 theta =  25.0 Grad : WQ = 0.62565E-06 b/(keV*sr), WQC = 0.61626E-06 b/(keV*sr)
 theta =  26.0 Grad : WQ = 0.60232E-06 b/(keV*sr), WQC = 0.59328E-06 b/(keV*sr)
 theta =  27.0 Grad : WQ = 0.57865E-06 b/(keV*sr), WQC = 0.56996E-06 b/(keV*sr)
 theta =  28.0 Grad : WQ = 0.55480E-06 b/(keV*sr), WQC = 0.54647E-06 b/(keV*sr)
 theta =  29.0 Grad : WQ = 0.53092E-06 b/(keV*sr), WQC = 0.52295E-06 b/(keV*sr)
 theta =  30.0 Grad : WQ = 0.50714E-06 b/(keV*sr), WQC = 0.49952E-06 b/(keV*sr)
 theta =  31.0 Grad : WQ = 0.48358E-06 b/(keV*sr), WQC = 0.47632E-06 b/(keV*sr)
 theta =  32.0 Grad : WQ = 0.46034E-06 b/(keV*sr), WQC = 0.45343E-06 b/(keV*sr)
 theta =  33.0 Grad : WQ = 0.43754E-06 b/(keV*sr), WQC = 0.43097E-06 b/(keV*sr)
 theta =  34.0 Grad : WQ = 0.41524E-06 b/(keV*sr), WQC = 0.40901E-06 b/(keV*sr)
 theta =  35.0 Grad : WQ = 0.39352E-06 b/(keV*sr), WQC = 0.38761E-06 b/(keV*sr)
 theta =  36.0 Grad : WQ = 0.37243E-06 b/(keV*sr), WQC = 0.36684E-06 b/(keV*sr)
 theta =  37.0 Grad : WQ = 0.35203E-06 b/(keV*sr), WQC = 0.34674E-06 b/(keV*sr)
 theta =  38.0 Grad : WQ = 0.33233E-06 b/(keV*sr), WQC = 0.32734E-06 b/(keV*sr)
 theta =  39.0 Grad : WQ = 0.31338E-06 b/(keV*sr), WQC = 0.30867E-06 b/(keV*sr)
 theta =  40.0 Grad : WQ = 0.29518E-06 b/(keV*sr), WQC = 0.29075E-06 b/(keV*sr)
 theta =  41.0 Grad : WQ = 0.27775E-06 b/(keV*sr), WQC = 0.27358E-06 b/(keV*sr)
 theta =  42.0 Grad : WQ = 0.26109E-06 b/(keV*sr), WQC = 0.25717E-06 b/(keV*sr)
 theta =  43.0 Grad : WQ = 0.24519E-06 b/(keV*sr), WQC = 0.24151E-06 b/(keV*sr)
 theta =  44.0 Grad : WQ = 0.23005E-06 b/(keV*sr), WQC = 0.22659E-06 b/(keV*sr)
 theta =  45.0 Grad : WQ = 0.21565E-06 b/(keV*sr), WQC = 0.21241E-06 b/(keV*sr)
 theta =  46.0 Grad : WQ = 0.20198E-06 b/(keV*sr), WQC = 0.19895E-06 b/(keV*sr)
 theta =  47.0 Grad : WQ = 0.18902E-06 b/(keV*sr), WQC = 0.18618E-06 b/(keV*sr)
 theta =  48.0 Grad : WQ = 0.17674E-06 b/(keV*sr), WQC = 0.17409E-06 b/(keV*sr)
 theta =  49.0 Grad : WQ = 0.16513E-06 b/(keV*sr), WQC = 0.16265E-06 b/(keV*sr)
 theta =  50.0 Grad : WQ = 0.15416E-06 b/(keV*sr), WQC = 0.15184E-06 b/(keV*sr)
 theta =  51.0 Grad : WQ = 0.14380E-06 b/(keV*sr), WQC = 0.14164E-06 b/(keV*sr)
 theta =  52.0 Grad : WQ = 0.13403E-06 b/(keV*sr), WQC = 0.13202E-06 b/(keV*sr)
 theta =  53.0 Grad : WQ = 0.12483E-06 b/(keV*sr), WQC = 0.12296E-06 b/(keV*sr)
 theta =  54.0 Grad : WQ = 0.11617E-06 b/(keV*sr), WQC = 0.11442E-06 b/(keV*sr)
 theta =  55.0 Grad : WQ = 0.10802E-06 b/(keV*sr), WQC = 0.10639E-06 b/(keV*sr)
 theta =  56.0 Grad : WQ = 0.10035E-06 b/(keV*sr), WQC = 0.98846E-07 b/(keV*sr)
 theta =  57.0 Grad : WQ = 0.93153E-07 b/(keV*sr), WQC = 0.91755E-07 b/(keV*sr)
 theta =  58.0 Grad : WQ = 0.86394E-07 b/(keV*sr), WQC = 0.85097E-07 b/(keV*sr)
 theta =  59.0 Grad : WQ = 0.80053E-07 b/(keV*sr), WQC = 0.78851E-07 b/(keV*sr)
 theta =  60.0 Grad : WQ = 0.74107E-07 b/(keV*sr), WQC = 0.72994E-07 b/(keV*sr)
 theta =  61.0 Grad : WQ = 0.68535E-07 b/(keV*sr), WQC = 0.67506E-07 b/(keV*sr)
 theta =  62.0 Grad : WQ = 0.63318E-07 b/(keV*sr), WQC = 0.62368E-07 b/(keV*sr)
 theta =  63.0 Grad : WQ = 0.58436E-07 b/(keV*sr), WQC = 0.57559E-07 b/(keV*sr)
 theta =  64.0 Grad : WQ = 0.53871E-07 b/(keV*sr), WQC = 0.53062E-07 b/(keV*sr)
 theta =  65.0 Grad : WQ = 0.49605E-07 b/(keV*sr), WQC = 0.48861E-07 b/(keV*sr)
 theta =  66.0 Grad : WQ = 0.45623E-07 b/(keV*sr), WQC = 0.44938E-07 b/(keV*sr)
 theta =  67.0 Grad : WQ = 0.41909E-07 b/(keV*sr), WQC = 0.41280E-07 b/(keV*sr)
 theta =  68.0 Grad : WQ = 0.38448E-07 b/(keV*sr), WQC = 0.37870E-07 b/(keV*sr)
 theta =  69.0 Grad : WQ = 0.35226E-07 b/(keV*sr), WQC = 0.34698E-07 b/(keV*sr)
 theta =  70.0 Grad : WQ = 0.32232E-07 b/(keV*sr), WQC = 0.31748E-07 b/(keV*sr)
 theta =  71.0 Grad : WQ = 0.29453E-07 b/(keV*sr), WQC = 0.29010E-07 b/(keV*sr)
 theta =  72.0 Grad : WQ = 0.26877E-07 b/(keV*sr), WQC = 0.26474E-07 b/(keV*sr)
 theta =  73.0 Grad : WQ = 0.24495E-07 b/(keV*sr), WQC = 0.24127E-07 b/(keV*sr)
 theta =  74.0 Grad : WQ = 0.22297E-07 b/(keV*sr), WQC = 0.21962E-07 b/(keV*sr)
 theta =  75.0 Grad : WQ = 0.20273E-07 b/(keV*sr), WQC = 0.19969E-07 b/(keV*sr)
 theta =  76.0 Grad : WQ = 0.18417E-07 b/(keV*sr), WQC = 0.18140E-07 b/(keV*sr)
 theta =  77.0 Grad : WQ = 0.16719E-07 b/(keV*sr), WQC = 0.16468E-07 b/(keV*sr)
 theta =  78.0 Grad : WQ = 0.15174E-07 b/(keV*sr), WQC = 0.14946E-07 b/(keV*sr)
 theta =  79.0 Grad : WQ = 0.13774E-07 b/(keV*sr), WQC = 0.13567E-07 b/(keV*sr)
 theta =  80.0 Grad : WQ = 0.12515E-07 b/(keV*sr), WQC = 0.12327E-07 b/(keV*sr)
 theta =  81.0 Grad : WQ = 0.11391E-07 b/(keV*sr), WQC = 0.11220E-07 b/(keV*sr)
 theta =  82.0 Grad : WQ = 0.10397E-07 b/(keV*sr), WQC = 0.10241E-07 b/(keV*sr)
 theta =  83.0 Grad : WQ = 0.95291E-08 b/(keV*sr), WQC = 0.93861E-08 b/(keV*sr)
 theta =  84.0 Grad : WQ = 0.87842E-08 b/(keV*sr), WQC = 0.86524E-08 b/(keV*sr)
 theta =  85.0 Grad : WQ = 0.81591E-08 b/(keV*sr), WQC = 0.80366E-08 b/(keV*sr)
 theta =  86.0 Grad : WQ = 0.76510E-08 b/(keV*sr), WQC = 0.75362E-08 b/(keV*sr)
 theta =  87.0 Grad : WQ = 0.72580E-08 b/(keV*sr), WQC = 0.71491E-08 b/(keV*sr)
 theta =  88.0 Grad : WQ = 0.69785E-08 b/(keV*sr), WQC = 0.68737E-08 b/(keV*sr)
 theta =  89.0 Grad : WQ = 0.68112E-08 b/(keV*sr), WQC = 0.67090E-08 b/(keV*sr)
 theta =  90.0 Grad : WQ = 0.67555E-08 b/(keV*sr), WQC = 0.66541E-08 b/(keV*sr)
 theta =  91.0 Grad : WQ = 0.68112E-08 b/(keV*sr), WQC = 0.67090E-08 b/(keV*sr)
 theta =  92.0 Grad : WQ = 0.69785E-08 b/(keV*sr), WQC = 0.68737E-08 b/(keV*sr)
 theta =  93.0 Grad : WQ = 0.72580E-08 b/(keV*sr), WQC = 0.71491E-08 b/(keV*sr)
 theta =  94.0 Grad : WQ = 0.76510E-08 b/(keV*sr), WQC = 0.75362E-08 b/(keV*sr)
 theta =  95.0 Grad : WQ = 0.81591E-08 b/(keV*sr), WQC = 0.80366E-08 b/(keV*sr)
 theta =  96.0 Grad : WQ = 0.87842E-08 b/(keV*sr), WQC = 0.86524E-08 b/(keV*sr)
 theta =  97.0 Grad : WQ = 0.95291E-08 b/(keV*sr), WQC = 0.93861E-08 b/(keV*sr)
 theta =  98.0 Grad : WQ = 0.10397E-07 b/(keV*sr), WQC = 0.10241E-07 b/(keV*sr)
 theta =  99.0 Grad : WQ = 0.11391E-07 b/(keV*sr), WQC = 0.11220E-07 b/(keV*sr)
 theta = 100.0 Grad : WQ = 0.12515E-07 b/(keV*sr), WQC = 0.12327E-07 b/(keV*sr)
 theta = 101.0 Grad : WQ = 0.13774E-07 b/(keV*sr), WQC = 0.13567E-07 b/(keV*sr)
 theta = 102.0 Grad : WQ = 0.15174E-07 b/(keV*sr), WQC = 0.14946E-07 b/(keV*sr)
 theta = 103.0 Grad : WQ = 0.16719E-07 b/(keV*sr), WQC = 0.16468E-07 b/(keV*sr)
 theta = 104.0 Grad : WQ = 0.18417E-07 b/(keV*sr), WQC = 0.18140E-07 b/(keV*sr)
 theta = 105.0 Grad : WQ = 0.20273E-07 b/(keV*sr), WQC = 0.19969E-07 b/(keV*sr)
 theta = 106.0 Grad : WQ = 0.22297E-07 b/(keV*sr), WQC = 0.21962E-07 b/(keV*sr)
 theta = 107.0 Grad : WQ = 0.24495E-07 b/(keV*sr), WQC = 0.24127E-07 b/(keV*sr)
 theta = 108.0 Grad : WQ = 0.26877E-07 b/(keV*sr), WQC = 0.26474E-07 b/(keV*sr)
 theta = 109.0 Grad : WQ = 0.29453E-07 b/(keV*sr), WQC = 0.29010E-07 b/(keV*sr)
 theta = 110.0 Grad : WQ = 0.32232E-07 b/(keV*sr), WQC = 0.31748E-07 b/(keV*sr)
 theta = 111.0 Grad : WQ = 0.35226E-07 b/(keV*sr), WQC = 0.34698E-07 b/(keV*sr)
 theta = 112.0 Grad : WQ = 0.38448E-07 b/(keV*sr), WQC = 0.37870E-07 b/(keV*sr)
 theta = 113.0 Grad : WQ = 0.41909E-07 b/(keV*sr), WQC = 0.41280E-07 b/(keV*sr)
 theta = 114.0 Grad : WQ = 0.45623E-07 b/(keV*sr), WQC = 0.44938E-07 b/(keV*sr)
 theta = 115.0 Grad : WQ = 0.49605E-07 b/(keV*sr), WQC = 0.48861E-07 b/(keV*sr)
 theta = 116.0 Grad : WQ = 0.53871E-07 b/(keV*sr), WQC = 0.53062E-07 b/(keV*sr)
 theta = 117.0 Grad : WQ = 0.58436E-07 b/(keV*sr), WQC = 0.57559E-07 b/(keV*sr)
 theta = 118.0 Grad : WQ = 0.63318E-07 b/(keV*sr), WQC = 0.62368E-07 b/(keV*sr)
 theta = 119.0 Grad : WQ = 0.68535E-07 b/(keV*sr), WQC = 0.67506E-07 b/(keV*sr)
 theta = 120.0 Grad : WQ = 0.74107E-07 b/(keV*sr), WQC = 0.72994E-07 b/(keV*sr)
 theta = 121.0 Grad : WQ = 0.80053E-07 b/(keV*sr), WQC = 0.78851E-07 b/(keV*sr)
 theta = 122.0 Grad : WQ = 0.86394E-07 b/(keV*sr), WQC = 0.85097E-07 b/(keV*sr)
 theta = 123.0 Grad : WQ = 0.93153E-07 b/(keV*sr), WQC = 0.91755E-07 b/(keV*sr)
 theta = 124.0 Grad : WQ = 0.10035E-06 b/(keV*sr), WQC = 0.98846E-07 b/(keV*sr)
 theta = 125.0 Grad : WQ = 0.10802E-06 b/(keV*sr), WQC = 0.10639E-06 b/(keV*sr)
 theta = 126.0 Grad : WQ = 0.11617E-06 b/(keV*sr), WQC = 0.11442E-06 b/(keV*sr)
 theta = 127.0 Grad : WQ = 0.12483E-06 b/(keV*sr), WQC = 0.12296E-06 b/(keV*sr)
 theta = 128.0 Grad : WQ = 0.13403E-06 b/(keV*sr), WQC = 0.13202E-06 b/(keV*sr)
 theta = 129.0 Grad : WQ = 0.14380E-06 b/(keV*sr), WQC = 0.14164E-06 b/(keV*sr)
 theta = 130.0 Grad : WQ = 0.15416E-06 b/(keV*sr), WQC = 0.15184E-06 b/(keV*sr)
 theta = 131.0 Grad : WQ = 0.16513E-06 b/(keV*sr), WQC = 0.16265E-06 b/(keV*sr)
 theta = 132.0 Grad : WQ = 0.17674E-06 b/(keV*sr), WQC = 0.17409E-06 b/(keV*sr)
 theta = 133.0 Grad : WQ = 0.18902E-06 b/(keV*sr), WQC = 0.18618E-06 b/(keV*sr)
 theta = 134.0 Grad : WQ = 0.20198E-06 b/(keV*sr), WQC = 0.19895E-06 b/(keV*sr)
 theta = 135.0 Grad : WQ = 0.21565E-06 b/(keV*sr), WQC = 0.21241E-06 b/(keV*sr)
 theta = 136.0 Grad : WQ = 0.23005E-06 b/(keV*sr), WQC = 0.22659E-06 b/(keV*sr)
 theta = 137.0 Grad : WQ = 0.24519E-06 b/(keV*sr), WQC = 0.24151E-06 b/(keV*sr)
 theta = 138.0 Grad : WQ = 0.26109E-06 b/(keV*sr), WQC = 0.25717E-06 b/(keV*sr)
 theta = 139.0 Grad : WQ = 0.27775E-06 b/(keV*sr), WQC = 0.27358E-06 b/(keV*sr)
 theta = 140.0 Grad : WQ = 0.29518E-06 b/(keV*sr), WQC = 0.29075E-06 b/(keV*sr)
 theta = 141.0 Grad : WQ = 0.31338E-06 b/(keV*sr), WQC = 0.30867E-06 b/(keV*sr)
 theta = 142.0 Grad : WQ = 0.33233E-06 b/(keV*sr), WQC = 0.32734E-06 b/(keV*sr)
 theta = 143.0 Grad : WQ = 0.35203E-06 b/(keV*sr), WQC = 0.34674E-06 b/(keV*sr)
 theta = 144.0 Grad : WQ = 0.37243E-06 b/(keV*sr), WQC = 0.36684E-06 b/(keV*sr)
 theta = 145.0 Grad : WQ = 0.39352E-06 b/(keV*sr), WQC = 0.38761E-06 b/(keV*sr)
 theta = 146.0 Grad : WQ = 0.41524E-06 b/(keV*sr), WQC = 0.40901E-06 b/(keV*sr)
 theta = 147.0 Grad : WQ = 0.43754E-06 b/(keV*sr), WQC = 0.43097E-06 b/(keV*sr)
 theta = 148.0 Grad : WQ = 0.46034E-06 b/(keV*sr), WQC = 0.45343E-06 b/(keV*sr)
 theta = 149.0 Grad : WQ = 0.48358E-06 b/(keV*sr), WQC = 0.47632E-06 b/(keV*sr)
 theta = 150.0 Grad : WQ = 0.50714E-06 b/(keV*sr), WQC = 0.49952E-06 b/(keV*sr)
 theta = 151.0 Grad : WQ = 0.53092E-06 b/(keV*sr), WQC = 0.52295E-06 b/(keV*sr)
 theta = 152.0 Grad : WQ = 0.55480E-06 b/(keV*sr), WQC = 0.54647E-06 b/(keV*sr)
 theta = 153.0 Grad : WQ = 0.57865E-06 b/(keV*sr), WQC = 0.56996E-06 b/(keV*sr)
 theta = 154.0 Grad : WQ = 0.60232E-06 b/(keV*sr), WQC = 0.59328E-06 b/(keV*sr)
 theta = 155.0 Grad : WQ = 0.62565E-06 b/(keV*sr), WQC = 0.61626E-06 b/(keV*sr)
 theta = 156.0 Grad : WQ = 0.64849E-06 b/(keV*sr), WQC = 0.63876E-06 b/(keV*sr)
 theta = 157.0 Grad : WQ = 0.67066E-06 b/(keV*sr), WQC = 0.66060E-06 b/(keV*sr)
 theta = 158.0 Grad : WQ = 0.69200E-06 b/(keV*sr), WQC = 0.68162E-06 b/(keV*sr)
 theta = 159.0 Grad : WQ = 0.71234E-06 b/(keV*sr), WQC = 0.70165E-06 b/(keV*sr)
 theta = 160.0 Grad : WQ = 0.73152E-06 b/(keV*sr), WQC = 0.72054E-06 b/(keV*sr)
 theta = 161.0 Grad : WQ = 0.74939E-06 b/(keV*sr), WQC = 0.73814E-06 b/(keV*sr)
 theta = 162.0 Grad : WQ = 0.76582E-06 b/(keV*sr), WQC = 0.75432E-06 b/(keV*sr)
 theta = 163.0 Grad : WQ = 0.78070E-06 b/(keV*sr), WQC = 0.76898E-06 b/(keV*sr)
 theta = 164.0 Grad : WQ = 0.79394E-06 b/(keV*sr), WQC = 0.78202E-06 b/(keV*sr)
 theta = 165.0 Grad : WQ = 0.80550E-06 b/(keV*sr), WQC = 0.79341E-06 b/(keV*sr)
 theta = 166.0 Grad : WQ = 0.81535E-06 b/(keV*sr), WQC = 0.80311E-06 b/(keV*sr)
 theta = 167.0 Grad : WQ = 0.82351E-06 b/(keV*sr), WQC = 0.81115E-06 b/(keV*sr)
 theta = 168.0 Grad : WQ = 0.83005E-06 b/(keV*sr), WQC = 0.81759E-06 b/(keV*sr)
 theta = 169.0 Grad : WQ = 0.83504E-06 b/(keV*sr), WQC = 0.82251E-06 b/(keV*sr)
 theta = 170.0 Grad : WQ = 0.83864E-06 b/(keV*sr), WQC = 0.82605E-06 b/(keV*sr)
 theta = 171.0 Grad : WQ = 0.84099E-06 b/(keV*sr), WQC = 0.82836E-06 b/(keV*sr)
 theta = 172.0 Grad : WQ = 0.84228E-06 b/(keV*sr), WQC = 0.82964E-06 b/(keV*sr)
 theta = 173.0 Grad : WQ = 0.84272E-06 b/(keV*sr), WQC = 0.83007E-06 b/(keV*sr)
 theta = 174.0 Grad : WQ = 0.84253E-06 b/(keV*sr), WQC = 0.82989E-06 b/(keV*sr)
 theta = 175.0 Grad : WQ = 0.84192E-06 b/(keV*sr), WQC = 0.82929E-06 b/(keV*sr)
 theta = 176.0 Grad : WQ = 0.84110E-06 b/(keV*sr), WQC = 0.82848E-06 b/(keV*sr)
 theta = 177.0 Grad : WQ = 0.84025E-06 b/(keV*sr), WQC = 0.82764E-06 b/(keV*sr)
 theta = 178.0 Grad : WQ = 0.83952E-06 b/(keV*sr), WQC = 0.82692E-06 b/(keV*sr)
 theta = 179.0 Grad : WQ = 0.83904E-06 b/(keV*sr), WQC = 0.82645E-06 b/(keV*sr)
 theta = 180.0 Grad : WQ = 0.83887E-06 b/(keV*sr), WQC = 0.82628E-06 b/(keV*sr)
